{
  "version": "1.5.0",
  "plugins_used": [
    {
      "name": "ArtifactoryDetector"
    },
    {
      "name": "AWSKeyDetector"
    },
    {
      "name": "AzureStorageKeyDetector"
    },
    {
      "name": "Base64HighEntropyString",
      "limit": 4.5
    },
    {
      "name": "BasicAuthDetector"
    },
    {
      "name": "CloudantDetector"
    },
    {
      "name": "DiscordBotTokenDetector"
    },
    {
      "name": "GitHubTokenDetector"
    },
    {
      "name": "GitLabTokenDetector"
    },
    {
      "name": "HexHighEntropyString",
      "limit": 3.0
    },
    {
      "name": "IbmCloudIamDetector"
    },
    {
      "name": "IbmCosHmacDetector"
    },
    {
      "name": "IPPublicDetector"
    },
    {
      "name": "JwtTokenDetector"
    },
    {
      "name": "KeywordDetector",
      "keyword_exclude": ""
    },
    {
      "name": "MailchimpDetector"
    },
    {
      "name": "NpmDetector"
    },
    {
      "name": "OpenAIDetector"
    },
    {
      "name": "PrivateKeyDetector"
    },
    {
      "name": "PypiTokenDetector"
    },
    {
      "name": "SendGridDetector"
    },
    {
      "name": "SlackDetector"
    },
    {
      "name": "SoftlayerDetector"
    },
    {
      "name": "SquareOAuthDetector"
    },
    {
      "name": "StripeDetector"
    },
    {
      "name": "TelegramBotTokenDetector"
    },
    {
      "name": "TwilioKeyDetector"
    }
  ],
  "filters_used": [
    {
      "path": "detect_secrets.filters.allowlist.is_line_allowlisted"
    },
    {
      "path": "detect_secrets.filters.common.is_ignored_due_to_verification_policies",
      "min_level": 2
    },
    {
      "path": "detect_secrets.filters.heuristic.is_indirect_reference"
    },
    {
      "path": "detect_secrets.filters.heuristic.is_likely_id_string"
    },
    {
      "path": "detect_secrets.filters.heuristic.is_lock_file"
    },
    {
      "path": "detect_secrets.filters.heuristic.is_not_alphanumeric_string"
    },
    {
      "path": "detect_secrets.filters.heuristic.is_potential_uuid"
    },
    {
      "path": "detect_secrets.filters.heuristic.is_prefixed_with_dollar_sign"
    },
    {
      "path": "detect_secrets.filters.heuristic.is_sequential_string"
    },
    {
      "path": "detect_secrets.filters.heuristic.is_swagger_file"
    },
    {
      "path": "detect_secrets.filters.heuristic.is_templated_secret"
    }
  ],
  "results": {
    "agents-md-writer/references/security.md": [
      {
        "type": "Secret Keyword",
        "filename": "agents-md-writer/references/security.md",
        "hashed_secret": "96cdf64f7827b74d086712e064f55e800967cf7c",
        "is_verified": false,
        "line_number": 43
      },
      {
        "type": "Basic Auth Credentials",
        "filename": "agents-md-writer/references/security.md",
        "hashed_secret": "9d4e1e23bd5b727046a9e3b4b7db57bd8d6ee684",
        "is_verified": false,
        "line_number": 49
      }
    ],
    "claude-api/curl/examples.md": [
      {
        "type": "Secret Keyword",
        "filename": "claude-api/curl/examples.md",
        "hashed_secret": "11fa7c37d697f30e6aee828b4426a10f83ab2380",
        "is_verified": false,
        "line_number": 8
      }
    ],
    "claude-api/curl/managed-agents.md": [
      {
        "type": "Secret Keyword",
        "filename": "claude-api/curl/managed-agents.md",
        "hashed_secret": "11fa7c37d697f30e6aee828b4426a10f83ab2380",
        "is_verified": false,
        "line_number": 8
      }
    ],
    "claude-api/go/managed-agents/README.md": [
      {
        "type": "Secret Keyword",
        "filename": "claude-api/go/managed-agents/README.md",
        "hashed_secret": "c772f9581550b468734c14172e3abb8e8b617908",
        "is_verified": false,
        "line_number": 459
      }
    ],
    "claude-api/php/managed-agents/README.md": [
      {
        "type": "Secret Keyword",
        "filename": "claude-api/php/managed-agents/README.md",
        "hashed_secret": "11fa7c37d697f30e6aee828b4426a10f83ab2380",
        "is_verified": false,
        "line_number": 22
      },
      {
        "type": "Secret Keyword",
        "filename": "claude-api/php/managed-agents/README.md",
        "hashed_secret": "c772f9581550b468734c14172e3abb8e8b617908",
        "is_verified": false,
        "line_number": 361
      }
    ],
    "claude-api/ruby/managed-agents/README.md": [
      {
        "type": "Secret Keyword",
        "filename": "claude-api/ruby/managed-agents/README.md",
        "hashed_secret": "c772f9581550b468734c14172e3abb8e8b617908",
        "is_verified": false,
        "line_number": 315
      }
    ],
    "claude-api/typescript/claude-api/README.md": [
      {
        "type": "Secret Keyword",
        "filename": "claude-api/typescript/claude-api/README.md",
        "hashed_secret": "11fa7c37d697f30e6aee828b4426a10f83ab2380",
        "is_verified": false,
        "line_number": 18
      }
    ],
    "claude-api/typescript/managed-agents/README.md": [
      {
        "type": "Secret Keyword",
        "filename": "claude-api/typescript/managed-agents/README.md",
        "hashed_secret": "11fa7c37d697f30e6aee828b4426a10f83ab2380",
        "is_verified": false,
        "line_number": 22
      }
    ],
    "skill-creator/eval-viewer/viewer.html": [
      {
        "type": "Base64 High Entropy String",
        "filename": "skill-creator/eval-viewer/viewer.html",
        "hashed_secret": "9806cc8d4b9f35120264fbc2cb41344c76b331f7",
        "is_verified": false,
        "line_number": 10
      }
    ]
  },
  "generated_at": "2026-05-28T16:06:19Z"
}
